// Jest Snapshot v1, https://goo.gl/fbAQLP

exports[`Button renders correctly 1`] = `
<button
  className="Button-sc-16829ln-0 kkNa-dL"
/>
`;
