// Jest Snapshot v1, https://goo.gl/fbAQLP

exports[`Heading renders correctly 1`] = `
<div
  className="Heading-sc-x8f3tt-0 hWTtYp"
/>
`;
