// Jest Snapshot v1, https://goo.gl/fbAQLP

exports[`List renders correctly 1`] = `
<ul
  className="List-sc-n8i5ct-0 eRimAQ"
/>
`;
