// Jest Snapshot v1, https://goo.gl/fbAQLP

exports[`Picks renders correctly 1`] = `
<div
  className="Picks-sc-rc0egs-0 jOwDUA"
/>
`;
