// Jest Snapshot v1, https://goo.gl/fbAQLP

exports[`Scoresheet renders correctly 1`] = `
<div
  className="Scoresheet-sc-1eml8zk-0 dAuflO"
/>
`;
